// Jest Snapshot v1, https://goo.gl/fbAQLP

exports[`Login page should render 1`] = `
<div>
  <form>
    <div
      class="css-42099h"
    >
      <section
        class="css-1beoq7g"
      >
        <h2>
          Login
        </h2>
        <label
          class="css-fp4izo"
          height="8"
          width="20"
        >
          <span
            class="css-porbx7"
          >
            Identifier
          </span>
          <div
            class="css-bnug8b"
          >
            <input
              class="css-58wzc"
              name="identifier"
              placeholder="username or email"
              role="textbox"
            />
          </div>
          <span
            class="css-tx5ech"
          >
             
          </span>
        </label>
        <label
          class="css-fp4izo"
          height="8"
          width="20"
        >
          <span
            class="css-porbx7"
          >
            Password
          </span>
          <div
            class="css-bnug8b"
          >
            <input
              class="css-58wzc"
              name="password"
              placeholder="password"
              role="textbox"
              type="password"
            />
          </div>
          <span
            class="css-tx5ech"
          >
             
          </span>
        </label>
        <button
          class="css-odwgcq"
          color="primary"
          type="submit"
        >
          Sign in
        </button>
        <h3>
          <a
            class="css-yf649i"
            href="/registration"
            underline="1"
          >
            Create account
          </a>
        </h3>
      </section>
    </div>
  </form>
</div>
`;
